// Jest Snapshot v1, https://goo.gl/fbAQLP

exports[`User should match snapshot 1`] = `
<h1
  className="test-class"
>
  Welcome 
</h1>
`;
